// Jest Snapshot v1, https://goo.gl/fbAQLP

exports[`GifList should render correctly 1`] = `
<styled.div>
  <withRouter(SearchBar)
    searchGifs={[MockFunction]}
  />
  <Menu
    location="test"
  />
  <styled.ul />
</styled.div>
`;
